// Jest Snapshot v1, https://goo.gl/fbAQLP

exports[`FirstWallet should render correctly in "debug" mode 1`] = `
<Fragment>
  <div
    className="wallet-container background"
  >
    <div
      className="d-flex flex-column justify-content-between h-100"
    >
      <div
        className="d-flex justify-content-between align-items-center"
      >
        <Input
          className="wallet-currency background"
          defaultValue="GBP"
          name="select"
          onChange={[Function]}
          type="select"
        >
          <option>
            GBP
          </option>
          <option>
            USD
          </option>
          <option>
            EUR
          </option>
        </Input>
        <Input
          className="wallet-input"
          disabled={false}
          id="first-input"
          min="0"
          onChange={[Function]}
          type="number"
          value={50}
        />
      </div>
      <div>
        <div
          className="wallet-pocket"
        >
          You Have 
          £
        </div>
      </div>
    </div>
  </div>
  <div
    className="arrow-down"
  />
</Fragment>
`;
